in8.c:8:  Error:  Invalid lvalue:  Not an address.
